// Jest Snapshot v1, https://goo.gl/fbAQLP

exports[`<App/> Component renders <App/> component 1`] = `ShallowWrapper {}`;
